19:50:34 INFO LangSmith tracing: on
19:50:34 INFO [1/20] form 000100 (test)
19:50:34 INFO [2/20] form 000101 (test)
19:50:34 INFO [3/20] form 000102 (test)
19:50:34 INFO [4/20] form 000103 (test)
19:50:34 INFO [5/20] form 000104 (test)
19:50:34 INFO [6/20] form 000105 (test)
19:50:34 INFO [7/20] form 000106 (test)
19:50:34 INFO [8/20] form 000107 (test)
19:51:58 INFO [9/20] form 000108 (test)
19:52:30 INFO [10/20] form 000109 (test)
19:52:38 INFO [11/20] form 000110 (test)
19:52:39 INFO [12/20] form 000111 (test)
19:52:47 INFO [13/20] form 000112 (test)
19:52:49 INFO [14/20] form 000113 (test)
19:52:52 INFO [15/20] form 000114 (test)
19:52:53 INFO [16/20] form 000115 (test)
19:53:13 INFO [17/20] form 000116 (test)
19:54:11 INFO [18/20] form 000117 (test)
19:54:15 INFO [19/20] form 000118 (test)
19:54:50 INFO [20/20] form 000119 (test)
{
  "forms": 20,
  "forms_with_output": 20,
  "field_accuracy": {
    "critical": {
      "correct": 299,
      "total": 380,
      "accuracy": 0.7868421052631579
    },
    "minor": {
      "correct": 482,
      "total": 600,
      "accuracy": 0.8033333333333333
    },
    "per_field": {
      "agency": {
        "correct": 35,
        "total": 40,
        "accuracy": 0.875
      },
      "attestation_no": {
        "correct": 30,
        "total": 40,
        "accuracy": 0.75
      },
      "coming_from": {
        "correct": 31,
        "total": 40,
        "accuracy": 0.775
      },
      "damage": {
        "correct": 27,
        "total": 40,
        "accuracy": 0.675
      },
      "date": {
        "correct": 15,
        "total": 20,
        "accuracy": 0.75
      },
      "driver_address": {
        "correct": 33,
        "total": 40,
        "accuracy": 0.825
      },
      "driver_first_name": {
        "correct": 33,
        "total": 40,
        "accuracy": 0.825
      },
      "driver_last_name": {
        "correct": 27,
        "total": 40,
        "accuracy": 0.675
      },
      "going_to": {
        "correct": 30,
        "total": 40,
        "accuracy": 0.75
      },
      "insured_address": {
        "correct": 28,
        "total": 40,
        "accuracy": 0.7
      },
      "insured_first_name": {
        "correct": 33,
        "total": 40,
        "accuracy": 0.825
      },
      "insured_last_name": {
        "correct": 32,
        "total": 40,
        "accuracy": 0.8
      },
      "insurer": {
        "correct": 34,
        "total": 40,
        "accuracy": 0.85
      },
      "license_issued": {
        "correct": 32,
        "total": 40,
        "accuracy": 0.8
      },
      "license_no": {
        "correct": 27,
        "total": 40,
        "accuracy": 0.675
      },
      "license_prefecture": {
        "correct": 39,
        "total": 40,
        "accuracy": 0.975
      },
      "license_valid_until": {
        "correct": 33,
        "total": 40,
        "accuracy": 0.825
      },
      "make": {
        "correct": 37,
        "total": 40,
        "accuracy": 0.925
      },
      "model": {
        "correct": 36,
        "total": 40,
        "accuracy": 0.9
      },
      "phone_a": {
        "correct": 14,
        "total": 20,
        "accuracy": 0.7
      },
      "phone_b": {
        "correct": 14,
        "total": 20,
        "accuracy": 0.7
      },
      "place": {
        "correct": 16,
        "total": 20,
        "accuracy": 0.8
      },
      "plate": {
        "correct": 23,
        "total": 40,
        "accuracy": 0.575
      },
      "policy_no": {
        "correct": 31,
        "total": 40,
        "accuracy": 0.775
      },
      "time": {
        "correct": 17,
        "total": 20,
        "accuracy": 0.85
      },
      "valid_from": {
        "correct": 34,
        "total": 40,
        "accuracy": 0.85
      },
      "valid_to": {
        "correct": 40,
        "total": 40,
        "accuracy": 1.0
      }
    }
  },
  "forms_without_critical_error": {
    "forms": 20,
    "without_critical_error": 2,
    "share": 0.1
  },
  "character_error_rate": {
    "overall": {
      "edits": 407,
      "characters": 10897,
      "rate": 0.03734972928328898
    },
    "critical": {
      "edits": 128,
      "characters": 4115,
      "rate": 0.031105710814094776
    },
    "minor": {
      "edits": 279,
      "characters": 6782,
      "rate": 0.04113830728398703
    }
  },
  "checkbox_score": {
    "ticks_found": 25,
    "ticks_missed": 0,
    "ticks_extra": 0,
    "precision": 1.0,
    "recall": 1.0,
    "tick_count_correct": 40,
    "tick_count_total": 40
  },
  "category_accuracy": {
    "impact_zone": {
      "correct": 40,
      "total": 40,
      "accuracy": 1.0,
      "most_common_answer": "front_left",
      "guess_most_common_accuracy": 0.275
    },
    "license_category": {
      "correct": 40,
      "total": 40,
      "accuracy": 1.0,
      "most_common_answer": "b",
      "guess_most_common_accuracy": 0.875
    },
    "other_damage": {
      "correct": 20,
      "total": 20,
      "accuracy": 1.0,
      "most_common_answer": "false",
      "guess_most_common_accuracy": 0.95
    },
    "vehicle_type": {
      "correct": 40,
      "total": 40,
      "accuracy": 1.0,
      "most_common_answer": "car",
      "guess_most_common_accuracy": 0.875
    }
  },
  "cost_and_time": {
    "forms_measured": 20,
    "input_tokens": 110935,
    "output_tokens": 16997,
    "dollars_total": 0.02683845,
    "dollars_per_form": 0.0013419225,
    "seconds_mean": 187.2128083605,
    "seconds_p95": 232.68287274099976
  }
}
