21:13:16 INFO LangSmith tracing: on
21:13:16 INFO [1/20] form 000100 (test)
21:13:16 INFO [2/20] form 000101 (test)
21:13:16 INFO [3/20] form 000102 (test)
21:13:16 INFO [4/20] form 000103 (test)
21:13:17 INFO [5/20] form 000104 (test)
21:13:18 INFO [6/20] form 000105 (test)
21:13:18 INFO [7/20] form 000106 (test)
21:13:18 INFO [8/20] form 000107 (test)
21:13:19 INFO [9/20] form 000108 (test)
21:13:19 INFO [10/20] form 000109 (test)
21:13:19 INFO [11/20] form 000110 (test)
21:13:20 INFO [12/20] form 000111 (test)
21:13:20 INFO [13/20] form 000112 (test)
21:13:20 INFO [14/20] form 000113 (test)
21:13:42 INFO [15/20] form 000114 (test)
21:13:42 INFO [16/20] form 000115 (test)
21:13:43 INFO [17/20] form 000116 (test)
21:14:03 INFO [18/20] form 000117 (test)
21:14:04 INFO [19/20] form 000118 (test)
21:14:05 INFO [20/20] form 000119 (test)
{
  "forms": 20,
  "forms_with_output": 20,
  "field_accuracy": {
    "critical": {
      "correct": 315,
      "total": 380,
      "accuracy": 0.8289473684210527
    },
    "minor": {
      "correct": 501,
      "total": 600,
      "accuracy": 0.835
    },
    "per_field": {
      "agency": {
        "correct": 33,
        "total": 40,
        "accuracy": 0.825
      },
      "attestation_no": {
        "correct": 33,
        "total": 40,
        "accuracy": 0.825
      },
      "coming_from": {
        "correct": 34,
        "total": 40,
        "accuracy": 0.85
      },
      "damage": {
        "correct": 27,
        "total": 40,
        "accuracy": 0.675
      },
      "date": {
        "correct": 17,
        "total": 20,
        "accuracy": 0.85
      },
      "driver_address": {
        "correct": 33,
        "total": 40,
        "accuracy": 0.825
      },
      "driver_first_name": {
        "correct": 33,
        "total": 40,
        "accuracy": 0.825
      },
      "driver_last_name": {
        "correct": 30,
        "total": 40,
        "accuracy": 0.75
      },
      "going_to": {
        "correct": 31,
        "total": 40,
        "accuracy": 0.775
      },
      "insured_address": {
        "correct": 28,
        "total": 40,
        "accuracy": 0.7
      },
      "insured_first_name": {
        "correct": 34,
        "total": 40,
        "accuracy": 0.85
      },
      "insured_last_name": {
        "correct": 33,
        "total": 40,
        "accuracy": 0.825
      },
      "insurer": {
        "correct": 33,
        "total": 40,
        "accuracy": 0.825
      },
      "license_issued": {
        "correct": 35,
        "total": 40,
        "accuracy": 0.875
      },
      "license_no": {
        "correct": 27,
        "total": 40,
        "accuracy": 0.675
      },
      "license_prefecture": {
        "correct": 39,
        "total": 40,
        "accuracy": 0.975
      },
      "license_valid_until": {
        "correct": 38,
        "total": 40,
        "accuracy": 0.95
      },
      "make": {
        "correct": 40,
        "total": 40,
        "accuracy": 1.0
      },
      "model": {
        "correct": 36,
        "total": 40,
        "accuracy": 0.9
      },
      "phone_a": {
        "correct": 16,
        "total": 20,
        "accuracy": 0.8
      },
      "phone_b": {
        "correct": 18,
        "total": 20,
        "accuracy": 0.9
      },
      "place": {
        "correct": 16,
        "total": 20,
        "accuracy": 0.8
      },
      "plate": {
        "correct": 26,
        "total": 40,
        "accuracy": 0.65
      },
      "policy_no": {
        "correct": 31,
        "total": 40,
        "accuracy": 0.775
      },
      "time": {
        "correct": 20,
        "total": 20,
        "accuracy": 1.0
      },
      "valid_from": {
        "correct": 35,
        "total": 40,
        "accuracy": 0.875
      },
      "valid_to": {
        "correct": 40,
        "total": 40,
        "accuracy": 1.0
      }
    }
  },
  "forms_without_critical_error": {
    "forms": 20,
    "without_critical_error": 4,
    "share": 0.2
  },
  "character_error_rate": {
    "overall": {
      "edits": 271,
      "characters": 10897,
      "rate": 0.02486923006332018
    },
    "critical": {
      "edits": 100,
      "characters": 4115,
      "rate": 0.024301336573511544
    },
    "minor": {
      "edits": 171,
      "characters": 6782,
      "rate": 0.025213801238572694
    }
  },
  "checkbox_score": {
    "ticks_found": 25,
    "ticks_missed": 0,
    "ticks_extra": 0,
    "precision": 1.0,
    "recall": 1.0,
    "tick_count_correct": 40,
    "tick_count_total": 40
  },
  "category_accuracy": {
    "impact_zone": {
      "correct": 40,
      "total": 40,
      "accuracy": 1.0,
      "most_common_answer": "front_left",
      "guess_most_common_accuracy": 0.275
    },
    "license_category": {
      "correct": 40,
      "total": 40,
      "accuracy": 1.0,
      "most_common_answer": "b",
      "guess_most_common_accuracy": 0.875
    },
    "other_damage": {
      "correct": 20,
      "total": 20,
      "accuracy": 1.0,
      "most_common_answer": "false",
      "guess_most_common_accuracy": 0.95
    },
    "vehicle_type": {
      "correct": 40,
      "total": 40,
      "accuracy": 1.0,
      "most_common_answer": "car",
      "guess_most_common_accuracy": 0.875
    }
  },
  "cost_and_time": {
    "forms_measured": 20,
    "input_tokens": 110935,
    "output_tokens": 16997,
    "dollars_total": 0.02683845,
    "dollars_per_form": 0.0013419225,
    "seconds_mean": 187.2128083605,
    "seconds_p95": 232.68287274099976
  }
}
